../Core/Src/main.c:72:6:HAL_UART_RxCpltCallback	16	static
../Core/Src/main.c:84:6:Led_Toggle	8	static
../Core/Src/main.c:88:6:Uart	8	static
../Core/Src/main.c:103:5:main	40	static
../Core/Src/main.c:155:6:SystemClock_Config	88	static
../Core/Src/main.c:199:13:MX_ADC1_Init	24	static
../Core/Src/main.c:246:13:MX_TIM2_Init	32	static
../Core/Src/main.c:291:13:MX_USART2_UART_Init	8	static
../Core/Src/main.c:324:13:MX_GPIO_Init	32	static
../Core/Src/main.c:354:6:HAL_TIM_PeriodElapsedCallback	16	static
../Core/Src/main.c:364:6:Error_Handler	4	static,ignoring_inline_asm
